[0315/235645.244:WARNING:content\browser\btm\btm_database.cc:128] Failed to initialize the DIPS SQLite database.
[0315/235645.248:ERROR:net\disk_cache\cache_util_win.cc:25] Unable to move the cache: Acceso denegado. (0x5)
[0315/235645.248:ERROR:net\disk_cache\cache_util_win.cc:25] Unable to move the cache: Acceso denegado. (0x5)
[0315/235645.248:ERROR:net\disk_cache\disk_cache.cc:272] Unable to create cache
[0315/235645.248:ERROR:gpu\ipc\host\gpu_disk_cache.cc:725] Gpu Cache Creation failed: -2
[0315/235645.249:ERROR:net\disk_cache\disk_cache.cc:272] Unable to create cache
[0315/235645.249:ERROR:gpu\ipc\host\gpu_disk_cache.cc:725] Gpu Cache Creation failed: -2
[0315/235645.249:ERROR:net\disk_cache\cache_util_win.cc:25] Unable to move the cache: Acceso denegado. (0x5)
[0315/235645.249:ERROR:net\disk_cache\disk_cache.cc:272] Unable to create cache
[0315/235645.249:ERROR:gpu\ipc\host\gpu_disk_cache.cc:725] Gpu Cache Creation failed: -2
[0315/235647.066:INFO:CONSOLE:6] "Uncaught ReferenceError: sj_evt is not defined", source: https://www.bing.com/ (6)
[0315/235647.270:WARNING:components\leveldb_proto\internal\leveldb_database.cc:124] Unable to open C:\PracticaTuateam\PracticasTuateam\browser_profile_Worker\Default\shared_proto_db\metadata: IO error: C:\PracticaTuateam\PracticasTuateam\browser_profile_Worker\Default\shared_proto_db\metadata/LOCK: Access denied. (ChromeMethodBFE: 15::LockFile::5)
[0315/235649.291:WARNING:components\leveldb_proto\internal\leveldb_database.cc:124] Unable to open C:\PracticaTuateam\PracticasTuateam\browser_profile_Worker\Default\shared_proto_db\metadata: IO error: C:\PracticaTuateam\PracticasTuateam\browser_profile_Worker\Default\shared_proto_db\metadata/LOCK: Access denied. (ChromeMethodBFE: 15::LockFile::5)
[0315/235651.316:WARNING:components\leveldb_proto\internal\leveldb_database.cc:124] Unable to open C:\PracticaTuateam\PracticasTuateam\browser_profile_Worker\Default\shared_proto_db\metadata: IO error: C:\PracticaTuateam\PracticasTuateam\browser_profile_Worker\Default\shared_proto_db\metadata/LOCK: Access denied. (ChromeMethodBFE: 15::LockFile::5)
[0315/235651.490:ERROR:storage\browser\quota\quota_database.cc:988] Could not open the quota database, resetting.
[0315/235653.328:WARNING:components\leveldb_proto\internal\leveldb_database.cc:124] Unable to open C:\PracticaTuateam\PracticasTuateam\browser_profile_Worker\Default\shared_proto_db\metadata: IO error: C:\PracticaTuateam\PracticasTuateam\browser_profile_Worker\Default\shared_proto_db\metadata/LOCK: Access denied. (ChromeMethodBFE: 15::LockFile::5)
[0315/235653.412:INFO:CONSOLE:87] "Permissions policy violation: unload is not allowed in this document.", source: https://assets.msn.com/bundles/v1/bingHomepage/latest/microsoft.cee969d2411a30c2a80a.js (87)
[0315/235653.419:INFO:CONSOLE:87] "Permissions policy violation: unload is not allowed in this document.", source: https://assets.msn.com/bundles/v1/bingHomepage/latest/microsoft.cee969d2411a30c2a80a.js (87)
[0315/235654.451:ERROR:storage\browser\quota\quota_database.cc:988] Could not open the quota database, resetting.
[0315/235655.942:INFO:CONSOLE:1] "
NODE_ENV: production", source: https://s.ccdn.es/main.564cc4a4.js (1)
[0315/235655.942:INFO:CONSOLE:1] "STAGE: production
", source: https://s.ccdn.es/main.564cc4a4.js (1)
[0315/235656.091:INFO:CONSOLE:1] "Initializing client logger...", source: https://s.ccdn.es/main.564cc4a4.js (1)
[0315/235656.175:INFO:CONSOLE:0] "[.WebGL-0x71e404205c00]GL Driver Message (OpenGL, Performance, GL_CLOSE_PATH_NV, High): GPU stall due to ReadPixels", source: https://www.coches.net/ (0)
[0315/235656.177:INFO:CONSOLE:0] "[.WebGL-0x71e404205c00]GL Driver Message (OpenGL, Performance, GL_CLOSE_PATH_NV, High): GPU stall due to ReadPixels", source: https://www.coches.net/ (0)
[0315/235656.825:INFO:CONSOLE:1] "GetPageDataAdvertisingUseCase#execute success 3", source: https://s.ccdn.es/4975.94b856bf.js (1)
[0315/235656.827:INFO:CONSOLE:1] "GetAllMessagingNotificationsUseCase#execute success 37.29999999701977", source: https://s.ccdn.es/4975.94b856bf.js (1)
[0315/235657.365:ERROR:storage\browser\quota\quota_database.cc:993] Failed to reset the quota database.
[0315/235657.365:ERROR:storage\browser\quota\quota_database.cc:993] Failed to reset the quota database.
[0315/235657.649:INFO:CONSOLE:1] "GetSearchResultsAdsUseCase#execute success 849", source: https://s.ccdn.es/4975.94b856bf.js (1)
[0316/000521.162:ERROR:content\browser\devtools\devtools_pipe_handler.cc:188] Connection terminated while reading from pipe
